{
    "sarscov2-genome_fasta-stub": {
        "content": [
            {
                "0": [
                    [
                        {
                            "id": [
                                
                            ]
                        },
                        "test.fasta:md5,d41d8cd98f00b204e9800998ecf8427e"
                    ]
                ],
                "1": [
                    "versions.yml:md5,04ac93fea9e0019536cfe1445ef15472"
                ],
                "fastx": [
                    [
                        {
                            "id": [
                                
                            ]
                        },
                        "test.fasta:md5,d41d8cd98f00b204e9800998ecf8427e"
                    ]
                ],
                "versions": [
                    "versions.yml:md5,04ac93fea9e0019536cfe1445ef15472"
                ]
            }
        ],
        "meta": {
            "nf-test": "0.8.4",
            "nextflow": "23.10.1"
        },
        "timestamp": "2024-04-11T21:08:24.632225"
    },
    "sarscov2-test_1_fastq_gz": {
        "content": [
            {
                "0": [
                    [
                        {
                            "id": [
                                
                            ]
                        },
                        "test.fastq.gz:md5,80d9fd1976648214f44e42bc3d705972"
                    ]
                ],
                "1": [
                    "versions.yml:md5,04ac93fea9e0019536cfe1445ef15472"
                ],
                "fastx": [
                    [
                        {
                            "id": [
                                
                            ]
                        },
                        "test.fastq.gz:md5,80d9fd1976648214f44e42bc3d705972"
                    ]
                ],
                "versions": [
                    "versions.yml:md5,04ac93fea9e0019536cfe1445ef15472"
                ]
            }
        ],
        "meta": {
            "nf-test": "0.8.4",
            "nextflow": "23.10.1"
        },
        "timestamp": "2024-04-11T21:08:18.427486"
    },
    "sarscov2-genome_fasta": {
        "content": [
            {
                "0": [
                    [
                        {
                            "id": [
                                
                            ]
                        },
                        "test.fasta:md5,483f4a5dfe60171c86ee9b7e6dff908b"
                    ]
                ],
                "1": [
                    "versions.yml:md5,04ac93fea9e0019536cfe1445ef15472"
                ],
                "fastx": [
                    [
                        {
                            "id": [
                                
                            ]
                        },
                        "test.fasta:md5,483f4a5dfe60171c86ee9b7e6dff908b"
                    ]
                ],
                "versions": [
                    "versions.yml:md5,04ac93fea9e0019536cfe1445ef15472"
                ]
            }
        ],
        "meta": {
            "nf-test": "0.8.4",
            "nextflow": "23.10.1"
        },
        "timestamp": "2024-04-11T21:08:10.538702"
    },
    "sarscov2-genome_fasta_gz": {
        "content": [
            {
                "0": [
                    [
                        {
                            "id": [
                                
                            ]
                        },
                        "test.fasta.gz:md5,483f4a5dfe60171c86ee9b7e6dff908b"
                    ]
                ],
                "1": [
                    "versions.yml:md5,04ac93fea9e0019536cfe1445ef15472"
                ],
                "fastx": [
                    [
                        {
                            "id": [
                                
                            ]
                        },
                        "test.fasta.gz:md5,483f4a5dfe60171c86ee9b7e6dff908b"
                    ]
                ],
                "versions": [
                    "versions.yml:md5,04ac93fea9e0019536cfe1445ef15472"
                ]
            }
        ],
        "meta": {
            "nf-test": "0.8.4",
            "nextflow": "23.10.1"
        },
        "timestamp": "2024-04-11T21:08:14.530094"
    }
}