{
    "sarscov2 and human primers - fasta": {
        "content": [
            [
                "versions.yml:md5,32d898698c9224f989b9527fe0b948d4"
            ]
        ],
        "meta": {
            "nf-test": "0.8.4",
            "nextflow": "23.10.1"
        },
        "timestamp": "2024-04-11T20:55:01.299061"
    },
    "sarscov2 and human primers - fasta - stub": {
        "content": [
            {
                "0": [
                    [
                        {
                            "id": [
                                
                            ]
                        },
                        "test.fasta:md5,d41d8cd98f00b204e9800998ecf8427e"
                    ]
                ],
                "1": [
                    "versions.yml:md5,32d898698c9224f989b9527fe0b948d4"
                ],
                "fastx": [
                    [
                        {
                            "id": [
                                
                            ]
                        },
                        "test.fasta:md5,d41d8cd98f00b204e9800998ecf8427e"
                    ]
                ],
                "versions": [
                    "versions.yml:md5,32d898698c9224f989b9527fe0b948d4"
                ]
            }
        ],
        "meta": {
            "nf-test": "0.8.4",
            "nextflow": "23.10.1"
        },
        "timestamp": "2024-04-11T20:55:05.768536"
    }
}