{
    "with_file": {
        "content": [
            {
                "0": [
                    [
                        {
                            "id": "test",
                            "single_end": false
                        },
                        "test.fa.gz:md5,69bd44ef67566a76d6cbb8aa4a25ae35"
                    ]
                ],
                "1": [
                    "versions.yml:md5,2b6d2bf7e727f835a915128c179cebfa"
                ],
                "filter": [
                    [
                        {
                            "id": "test",
                            "single_end": false
                        },
                        "test.fa.gz:md5,69bd44ef67566a76d6cbb8aa4a25ae35"
                    ]
                ],
                "versions": [
                    "versions.yml:md5,2b6d2bf7e727f835a915128c179cebfa"
                ]
            }
        ],
        "meta": {
            "nf-test": "0.8.4",
            "nextflow": "23.10.1"
        },
        "timestamp": "2024-05-07T15:48:42.123254258"
    },
    "with_pattern": {
        "content": [
            {
                "0": [
                    [
                        {
                            "id": "test",
                            "single_end": false
                        },
                        "test.fa.gz:md5,d41d8cd98f00b204e9800998ecf8427e"
                    ]
                ],
                "1": [
                    "versions.yml:md5,2b6d2bf7e727f835a915128c179cebfa"
                ],
                "filter": [
                    [
                        {
                            "id": "test",
                            "single_end": false
                        },
                        "test.fa.gz:md5,d41d8cd98f00b204e9800998ecf8427e"
                    ]
                ],
                "versions": [
                    "versions.yml:md5,2b6d2bf7e727f835a915128c179cebfa"
                ]
            }
        ],
        "meta": {
            "nf-test": "0.8.4",
            "nextflow": "23.10.1"
        },
        "timestamp": "2024-05-07T15:48:54.415306738"
    },
    "with_file - stub": {
        "content": [
            {
                "0": [
                    [
                        {
                            "id": "test",
                            "single_end": false
                        },
                        "test.fa.gz:md5,68b329da9893e34099c7d8ad5cb9c940"
                    ]
                ],
                "1": [
                    "versions.yml:md5,2b6d2bf7e727f835a915128c179cebfa"
                ],
                "filter": [
                    [
                        {
                            "id": "test",
                            "single_end": false
                        },
                        "test.fa.gz:md5,68b329da9893e34099c7d8ad5cb9c940"
                    ]
                ],
                "versions": [
                    "versions.yml:md5,2b6d2bf7e727f835a915128c179cebfa"
                ]
            }
        ],
        "meta": {
            "nf-test": "0.8.4",
            "nextflow": "23.10.1"
        },
        "timestamp": "2024-05-07T15:49:06.330877031"
    }
}