{
    "sarscov2 - fasta - stub": {
        "content": [
            {
                "0": [
                    
                ],
                "1": [
                    
                ],
                "fastx": [
                    
                ],
                "versions": [
                    
                ]
            }
        ],
        "meta": {
            "nf-test": "0.8.4",
            "nextflow": "23.10.1"
        },
        "timestamp": "2024-05-08T05:25:58.481479033"
    },
    "sarscov2 - bam - stub": {
        "content": [
            {
                "0": [
                    
                ],
                "1": [
                    
                ],
                "fastx": [
                    
                ],
                "versions": [
                    
                ]
            }
        ],
        "meta": {
            "nf-test": "0.8.4",
            "nextflow": "23.10.1"
        },
        "timestamp": "2024-05-07T16:24:20.177638337"
    },
    "sarscov2 - fasta - replace": {
        "content": [
            {
                "0": [
                    [
                        {
                            "id": "test"
                        },
                        "test.fasta.gz:md5,b1518908253a4997fcad98270751112e"
                    ]
                ],
                "1": [
                    "versions.yml:md5,d0b955de076997af3989d2ce5b5417b6"
                ],
                "fastx": [
                    [
                        {
                            "id": "test"
                        },
                        "test.fasta.gz:md5,b1518908253a4997fcad98270751112e"
                    ]
                ],
                "versions": [
                    "versions.yml:md5,d0b955de076997af3989d2ce5b5417b6"
                ]
            }
        ],
        "meta": {
            "nf-test": "0.8.4",
            "nextflow": "23.10.1"
        },
        "timestamp": "2024-05-07T16:23:57.895160549"
    },
    "sarscov2 - fasta - uncomp": {
        "content": [
            {
                "0": [
                    [
                        {
                            "id": "test"
                        },
                        "test..fasta:md5,05d3294a62c72f5489f067c1da3c2f6c"
                    ]
                ],
                "1": [
                    "versions.yml:md5,d0b955de076997af3989d2ce5b5417b6"
                ],
                "fastx": [
                    [
                        {
                            "id": "test"
                        },
                        "test..fasta:md5,05d3294a62c72f5489f067c1da3c2f6c"
                    ]
                ],
                "versions": [
                    "versions.yml:md5,d0b955de076997af3989d2ce5b5417b6"
                ]
            }
        ],
        "meta": {
            "nf-test": "0.8.4",
            "nextflow": "23.10.1"
        },
        "timestamp": "2024-05-07T16:24:09.142463316"
    }
}