{
    "homo_sapiens | paired-end | [cram] | intervals - stub": {
        "content": [
            {
                "0": [
                    [
                        {
                            "id": "test"
                        },
                        "test.bam:md5,d41d8cd98f00b204e9800998ecf8427e"
                    ]
                ],
                "1": [
                    [
                        {
                            "id": "test"
                        },
                        "test.bam.bai:md5,d41d8cd98f00b204e9800998ecf8427e"
                    ]
                ],
                "2": [
                    "versions.yml:md5,bb801f32e803c656c36789f8812e614f"
                ],
                "bai": [
                    [
                        {
                            "id": "test"
                        },
                        "test.bam.bai:md5,d41d8cd98f00b204e9800998ecf8427e"
                    ]
                ],
                "bam": [
                    [
                        {
                            "id": "test"
                        },
                        "test.bam:md5,d41d8cd98f00b204e9800998ecf8427e"
                    ]
                ],
                "versions": [
                    "versions.yml:md5,bb801f32e803c656c36789f8812e614f"
                ]
            }
        ],
        "meta": {
            "nf-test": "0.9.2",
            "nextflow": "24.10.2"
        },
        "timestamp": "2025-04-08T12:11:01.582227148"
    },
    "homo_sapiens | paired-end | [cram]": {
        "content": [
            "2f11e4fe3390b8ad0a1852616fd1da04",
            "test.bam.bai",
            [
                "versions.yml:md5,bb801f32e803c656c36789f8812e614f"
            ]
        ],
        "meta": {
            "nf-test": "0.9.2",
            "nextflow": "24.10.2"
        },
        "timestamp": "2025-04-08T12:10:53.742739149"
    },
    "sarscov2 | paired-end | [bam] | intervals - stub": {
        "content": [
            {
                "0": [
                    [
                        {
                            "id": "test"
                        },
                        "test.bam:md5,d41d8cd98f00b204e9800998ecf8427e"
                    ]
                ],
                "1": [
                    [
                        {
                            "id": "test"
                        },
                        "test.bam.bai:md5,d41d8cd98f00b204e9800998ecf8427e"
                    ]
                ],
                "2": [
                    "versions.yml:md5,bb801f32e803c656c36789f8812e614f"
                ],
                "bai": [
                    [
                        {
                            "id": "test"
                        },
                        "test.bam.bai:md5,d41d8cd98f00b204e9800998ecf8427e"
                    ]
                ],
                "bam": [
                    [
                        {
                            "id": "test"
                        },
                        "test.bam:md5,d41d8cd98f00b204e9800998ecf8427e"
                    ]
                ],
                "versions": [
                    "versions.yml:md5,bb801f32e803c656c36789f8812e614f"
                ]
            }
        ],
        "meta": {
            "nf-test": "0.9.2",
            "nextflow": "24.10.2"
        },
        "timestamp": "2025-04-08T12:11:08.655681217"
    },
    "sarscov2 | paired-end | [bam]": {
        "content": [
            "894549ee3ced6b5ca2eed2563a985217",
            "test.bam.bai",
            [
                "versions.yml:md5,bb801f32e803c656c36789f8812e614f"
            ]
        ],
        "meta": {
            "nf-test": "0.9.2",
            "nextflow": "24.10.2"
        },
        "timestamp": "2025-04-08T12:10:35.815609314"
    },
    "sarscov2 | paired-end | [bam] | intervals": {
        "content": [
            "b194021b699cc5cf4b2b1f715e0b7b4c",
            "test.bam.bai",
            [
                "versions.yml:md5,bb801f32e803c656c36789f8812e614f"
            ]
        ],
        "meta": {
            "nf-test": "0.9.2",
            "nextflow": "24.10.2"
        },
        "timestamp": "2025-04-08T12:10:44.676253358"
    }
}