{
    "sarscov2 single-end [fastq_gz]": {
        "content": [
            [
                "30c325e1e032eb1782a280d34c0fb1c7"
            ],
            [
                "test.cram.crai"
            ],
            [
                "versions.yml:md5,0d8766379e89038cb5fdcd074f3289f6"
            ]
        ],
        "meta": {
            "nf-test": "0.9.2",
            "nextflow": "24.10.4"
        },
        "timestamp": "2025-02-20T17:41:02.703286006"
    },
    "sarscov2 paired-end [fastq_gz]": {
        "content": [
            [
                "2d64e4363d9f3c0e2167fce49d5087cf"
            ],
            [
                "test.cram.crai"
            ],
            [
                "versions.yml:md5,0d8766379e89038cb5fdcd074f3289f6"
            ]
        ],
        "meta": {
            "nf-test": "0.9.2",
            "nextflow": "24.10.4"
        },
        "timestamp": "2025-02-20T17:41:54.475172575"
    },
    "sarscov2 paired-end [fastq_gz] bam": {
        "content": [
            [
                "2d64e4363d9f3c0e2167fce49d5087cf"
            ],
            [
                "test.bam.bai"
            ],
            [
                "versions.yml:md5,0d8766379e89038cb5fdcd074f3289f6"
            ]
        ],
        "meta": {
            "nf-test": "0.9.2",
            "nextflow": "24.10.4"
        },
        "timestamp": "2025-02-24T11:25:19.099121134"
    }
}