{
    "nanopore": {
        "content": [
            {
                "0": [
                    [
                        {
                            "id": "test",
                            "single_end": true
                        },
                        "test.tsv:md5,5da1709eb5ae64fa3b2d624bffe2e7aa"
                    ]
                ],
                "1": [
                    "versions.yml:md5,99ce26f55a28da9aec27e6d1b2636128"
                ],
                "stats": [
                    [
                        {
                            "id": "test",
                            "single_end": true
                        },
                        "test.tsv:md5,5da1709eb5ae64fa3b2d624bffe2e7aa"
                    ]
                ],
                "versions": [
                    "versions.yml:md5,99ce26f55a28da9aec27e6d1b2636128"
                ]
            }
        ],
        "meta": {
            "nf-test": "0.8.4",
            "nextflow": "23.10.1"
        },
        "timestamp": "2024-05-08T08:09:55.519210102"
    },
    "genome_fasta": {
        "content": [
            {
                "0": [
                    [
                        {
                            "id": "test",
                            "single_end": false
                        },
                        "test.tsv:md5,f64489767a4e769539ef3faf83260184"
                    ]
                ],
                "1": [
                    "versions.yml:md5,99ce26f55a28da9aec27e6d1b2636128"
                ],
                "stats": [
                    [
                        {
                            "id": "test",
                            "single_end": false
                        },
                        "test.tsv:md5,f64489767a4e769539ef3faf83260184"
                    ]
                ],
                "versions": [
                    "versions.yml:md5,99ce26f55a28da9aec27e6d1b2636128"
                ]
            }
        ],
        "meta": {
            "nf-test": "0.8.4",
            "nextflow": "23.10.1"
        },
        "timestamp": "2024-05-08T08:10:14.980804669"
    },
    "transcriptome_fasta": {
        "content": [
            {
                "0": [
                    [
                        {
                            "id": "test",
                            "single_end": false
                        },
                        "test.tsv:md5,fbb975b665a08c8862fcd1268613a945"
                    ]
                ],
                "1": [
                    "versions.yml:md5,99ce26f55a28da9aec27e6d1b2636128"
                ],
                "stats": [
                    [
                        {
                            "id": "test",
                            "single_end": false
                        },
                        "test.tsv:md5,fbb975b665a08c8862fcd1268613a945"
                    ]
                ],
                "versions": [
                    "versions.yml:md5,99ce26f55a28da9aec27e6d1b2636128"
                ]
            }
        ],
        "meta": {
            "nf-test": "0.8.4",
            "nextflow": "23.10.1"
        },
        "timestamp": "2024-05-08T08:10:35.450384087"
    },
    "single_end": {
        "content": [
            {
                "0": [
                    [
                        {
                            "id": "test",
                            "single_end": true
                        },
                        "test.tsv:md5,e23227d089a7e04b0ec0cb547c4aadff"
                    ]
                ],
                "1": [
                    "versions.yml:md5,99ce26f55a28da9aec27e6d1b2636128"
                ],
                "stats": [
                    [
                        {
                            "id": "test",
                            "single_end": true
                        },
                        "test.tsv:md5,e23227d089a7e04b0ec0cb547c4aadff"
                    ]
                ],
                "versions": [
                    "versions.yml:md5,99ce26f55a28da9aec27e6d1b2636128"
                ]
            }
        ],
        "meta": {
            "nf-test": "0.8.4",
            "nextflow": "23.10.1"
        },
        "timestamp": "2024-05-08T08:09:16.220763809"
    },
    "paired_end": {
        "content": [
            {
                "0": [
                    [
                        {
                            "id": "test",
                            "single_end": false
                        },
                        "test.tsv:md5,e23227d089a7e04b0ec0cb547c4aadff"
                    ]
                ],
                "1": [
                    "versions.yml:md5,99ce26f55a28da9aec27e6d1b2636128"
                ],
                "stats": [
                    [
                        {
                            "id": "test",
                            "single_end": false
                        },
                        "test.tsv:md5,e23227d089a7e04b0ec0cb547c4aadff"
                    ]
                ],
                "versions": [
                    "versions.yml:md5,99ce26f55a28da9aec27e6d1b2636128"
                ]
            }
        ],
        "meta": {
            "nf-test": "0.8.4",
            "nextflow": "23.10.1"
        },
        "timestamp": "2024-05-08T08:09:36.020188369"
    },
    "single_end - stub": {
        "content": [
            {
                "0": [
                    [
                        {
                            "id": "test",
                            "single_end": true
                        },
                        "test.tsv:md5,e23227d089a7e04b0ec0cb547c4aadff"
                    ]
                ],
                "1": [
                    "versions.yml:md5,99ce26f55a28da9aec27e6d1b2636128"
                ],
                "stats": [
                    [
                        {
                            "id": "test",
                            "single_end": true
                        },
                        "test.tsv:md5,e23227d089a7e04b0ec0cb547c4aadff"
                    ]
                ],
                "versions": [
                    "versions.yml:md5,99ce26f55a28da9aec27e6d1b2636128"
                ]
            }
        ],
        "meta": {
            "nf-test": "0.8.4",
            "nextflow": "23.10.1"
        },
        "timestamp": "2024-05-08T08:10:53.696603996"
    }
}