{
    "sarscov2-genome_fasta-stub": {
        "content": [
            {
                "0": [
                    [
                        {
                            "id": [
                                
                            ]
                        },
                        "test.fasta:md5,d41d8cd98f00b204e9800998ecf8427e"
                    ]
                ],
                "1": [
                    "versions.yml:md5,34894c4efa5e10a923e78975a3d260dd"
                ],
                "fastx": [
                    [
                        {
                            "id": [
                                
                            ]
                        },
                        "test.fasta:md5,d41d8cd98f00b204e9800998ecf8427e"
                    ]
                ],
                "versions": [
                    "versions.yml:md5,34894c4efa5e10a923e78975a3d260dd"
                ]
            }
        ],
        "meta": {
            "nf-test": "0.8.4",
            "nextflow": "23.10.1"
        },
        "timestamp": "2024-04-11T20:40:17.968845"
    },
    "sarscov2-test_1_fastq_gz": {
        "content": [
            {
                "0": [
                    [
                        {
                            "id": [
                                
                            ]
                        },
                        "test.fastq.gz:md5,4161df271f9bfcd25d5845a1e220dbec"
                    ]
                ],
                "1": [
                    "versions.yml:md5,34894c4efa5e10a923e78975a3d260dd"
                ],
                "fastx": [
                    [
                        {
                            "id": [
                                
                            ]
                        },
                        "test.fastq.gz:md5,4161df271f9bfcd25d5845a1e220dbec"
                    ]
                ],
                "versions": [
                    "versions.yml:md5,34894c4efa5e10a923e78975a3d260dd"
                ]
            }
        ],
        "meta": {
            "nf-test": "0.8.4",
            "nextflow": "23.10.1"
        },
        "timestamp": "2024-04-11T20:40:10.640317"
    },
    "sarscov2-genome_fasta": {
        "content": [
            {
                "0": [
                    [
                        {
                            "id": [
                                
                            ]
                        },
                        "test.fasta:md5,483f4a5dfe60171c86ee9b7e6dff908b"
                    ]
                ],
                "1": [
                    "versions.yml:md5,34894c4efa5e10a923e78975a3d260dd"
                ],
                "fastx": [
                    [
                        {
                            "id": [
                                
                            ]
                        },
                        "test.fasta:md5,483f4a5dfe60171c86ee9b7e6dff908b"
                    ]
                ],
                "versions": [
                    "versions.yml:md5,34894c4efa5e10a923e78975a3d260dd"
                ]
            }
        ],
        "meta": {
            "nf-test": "0.8.4",
            "nextflow": "23.10.1"
        },
        "timestamp": "2024-04-11T20:40:01.175496"
    },
    "sarscov2-genome_fasta_gz": {
        "content": [
            {
                "0": [
                    [
                        {
                            "id": [
                                
                            ]
                        },
                        "test.fasta.gz:md5,483f4a5dfe60171c86ee9b7e6dff908b"
                    ]
                ],
                "1": [
                    "versions.yml:md5,34894c4efa5e10a923e78975a3d260dd"
                ],
                "fastx": [
                    [
                        {
                            "id": [
                                
                            ]
                        },
                        "test.fasta.gz:md5,483f4a5dfe60171c86ee9b7e6dff908b"
                    ]
                ],
                "versions": [
                    "versions.yml:md5,34894c4efa5e10a923e78975a3d260dd"
                ]
            }
        ],
        "meta": {
            "nf-test": "0.8.4",
            "nextflow": "23.10.1"
        },
        "timestamp": "2024-04-11T20:40:06.223715"
    }
}